
[2026-01-16T16:17:26.858Z] $ git reset --hard origin/main && git clean -fdx
HEAD is now at 62e1dd9 fix build error
Removing .cache/
Removing .config/
Removing .local/
Removing .pythonlibs/
Removing .upm/
Removing assets/
Removing attached_assets/ai-stack-e2a5f-2104dff874e0_1767900097305.json
Removing browser-extension/src/
Removing dist/
Removing extension-src/assets/
Removing extension-src/{background,content,popup,shared,assets/
Removing node_modules/
Removing repos/Meowstik/attached_assets/ai-stack-e2a5f-72c8fed5d463_1767324141242.json


[2026-01-16T16:17:37.133Z] $ git status
On branch main
Your branch is up to date with 'origin/main'.

Changes not staged for commit:
  (use "git add/rm <file>..." to update what will be committed)
  (use "git restore <file>..." to discard changes in working directory)
	deleted:    logs/STM_APPEND.md

no changes added to commit (use "git add" and/or "git commit -a")


[2026-01-18T03:02:48.227Z] $ tail -n 100 /var/log/app.log
[error] Command failed: tail -n 100 /var/log/app.log
tail: cannot open '/var/log/app.log' for reading: No such file or directory

tail: cannot open '/var/log/app.log' for reading: No such file or directory


[2026-01-18T15:03:32.928Z] $ ls -F w/
attached_assets/
browser-extension/
BUGFIX_SUMMARY.md
check-memory.sh*
CHIMERA_PHASE1_COMPLETE.md
client/
collaborative-test.md
components.json
create_zip.py
desktop-agent/
desktop-app/
docs/
drizzle.config.ts
duplicate_issues_report.md
extension/
extension-src/
FILE_PICKER_QUICKSTART.md
full_issue_analysis.md
HARDWARE_IMPLEMENTATION_SUMMARY.md
Icon_Generator.ipynb
IMPLEMENTATION_LLM_CAPTURE.md
IMPLEMENTATION_SUMMARY_ENVIRONMENT_METADATA.md
IMPLEMENTATION_SUMMARY.md
IMPLEMENTATION_TOKENLESS_LOCALHOST.md
irrelevant_issues_report.md
ISSUE_TEMPLATE_EXTENSION_DEV.md
local-agent/
logs/
meowstic.zip
meowstik.zip
migrations/
new_instructions.md
node_modules/
package.json
package-lock.json
packages/
postcss.config.js
prompts/
protect-memory.sh*
PR_SUMMARY.md
public/
README_EXTENSION_DEV_SETUP.md
README.md
replit.md
replit.nix
repos/
script/
scripts/
server/
setup_windows.bat
shared/
short-term-memory.md
ssh-examples.ts
test-ssh-implementation.ts
TOKENLESS_USAGE_EXAMPLES.md
tsconfig.extension.json
tsconfig.json
TWILIO_IMPLEMENTATION_SUMMARY.md
twilio_voice_handler.xml
twilio_voicemail.xml
vite.config.extension.ts
vite.config.ts
vite-plugin-meta-images.ts
w@
www/


[2026-01-18T15:06:20.052Z] $ ls -F w/
attached_assets/
browser-extension/
BUGFIX_SUMMARY.md
check-memory.sh*
CHIMERA_PHASE1_COMPLETE.md
client/
collaborative-test.md
components.json
create_zip.py
desktop-agent/
desktop-app/
docs/
drizzle.config.ts
duplicate_issues_report.md
extension/
extension-src/
FILE_PICKER_QUICKSTART.md
full_issue_analysis.md
HARDWARE_IMPLEMENTATION_SUMMARY.md
Icon_Generator.ipynb
IMPLEMENTATION_LLM_CAPTURE.md
IMPLEMENTATION_SUMMARY_ENVIRONMENT_METADATA.md
IMPLEMENTATION_SUMMARY.md
IMPLEMENTATION_TOKENLESS_LOCALHOST.md
irrelevant_issues_report.md
ISSUE_TEMPLATE_EXTENSION_DEV.md
local-agent/
logs/
meowstic.zip
meowstik.zip
migrations/
new_instructions.md
node_modules/
package.json
package-lock.json
packages/
postcss.config.js
prompts/
protect-memory.sh*
PR_SUMMARY.md
public/
README_EXTENSION_DEV_SETUP.md
README.md
replit.md
replit.nix
repos/
script/
scripts/
server/
setup_windows.bat
shared/
short-term-memory.md
ssh-examples.ts
test-ssh-implementation.ts
TOKENLESS_USAGE_EXAMPLES.md
tsconfig.extension.json
tsconfig.json
TWILIO_IMPLEMENTATION_SUMMARY.md
twilio_voice_handler.xml
twilio_voicemail.xml
vite.config.extension.ts
vite.config.ts
vite-plugin-meta-images.ts
w@
www/


[2026-01-18T15:08:49.229Z] $ find w/ -type d | awk -F/ '{print NF-1}' | sort -nr | head -n 1
15


[2026-01-26T18:28:03.048Z]
$ echo hello

[2026-01-26T18:28:03.071Z]
hello

